	    "Change: SFLChangeTypeUpdateListProperties item named: {\n    \"com.apple.LSSharedFileList.MaxAmount\" = 10;\n}"
	)
Feb 10 08:41:56 Epicodus-8G sharedfilelistd[350] <Info>: -[ConnectedProcess notifyChanges:toListWithIdentifier:] com.apple.dock[368] com.apple.LSSharedFileList.ApplicationRecentDocuments/com.github.atom item changes (
	    "Change: SFLChangeTypeUpdateListProperties item named: {\n    \"com.apple.LSSharedFileList.MaxAmount\" = 10;\n}"
	)
Feb 10 08:41:56 Epicodus-8G sharedfilelistd[350] <Info>: [default] <CFString 0x7faba0e0bee0 [0x7fff75e0c440]>{contents = "com.github.atom"}[548] appled changes (
	    "Change: SFLChangeTypeUpdateListProperties item named: {\n    \"com.apple.LSSharedFileList.MaxAmount\" = 10;\n}"
	)
Feb 10 08:41:56 Epicodus-8G sharedfilelistd[350] <Info>: __79-[ConnectedProcess(SFLServiceProtocol) applyChange:toListWithIdentifier:reply:]_block_invoke com.github.atom[548] appled changes (
	    "Change: SFLChangeTypeUpdateListProperties item named: {\n    \"com.apple.LSSharedFileList.MaxAmount\" = 10;\n}"
	)
Feb 10 08:41:56 Epicodus-8G Dock[368] <Info>: [default] Notified of item changes to list with identifier <CFString 0x7f9273a0d8d0 [0x7fff75e0c440]>{contents = "com.apple.LSSharedFileList.ApplicationRecentDocuments/com.github.atom"}
Feb 10 08:41:56 Epicodus-8G Atom[548] <Info>: [default] Applied changes to list with identifier <CFString 0x7fff7885bbc0 [0x7fff75e0c440]>{contents = "com.apple.LSSharedFileList.ApplicationRecentDocuments"}
Feb 10 08:41:56 Epicodus-8G Dock[368] <Info>: -[SFLListManager(ServiceReplyProtocol) notifyChanges:toListWithIdentifier:] Notified of item changes to list with identifier com.apple.LSSharedFileList.ApplicationRecentDocuments/com.github.atom
Feb 10 08:41:56 Epicodus-8G Atom[548] <Info>: __43-[SFLListManager applyChange:toList:reply:]_block_invoke169 Applied changes to list with identifier com.apple.LSSharedFileList.ApplicationRecentDocuments
Feb 10 08:41:56 Epicodus-8G Atom[548] <Info>: [default] Apply change Change: SFLChangeTypeInsert item named: independent-project-2-10-17.html [9A12D742-08D4-4B2A-B713-49163ECC86F7] - URL:file:///Users/Guest/desktop/independent-project-2-10-17/independent-project-2-10-17.html to list with identifier <CFString 0x7fff7885bbc0 [0x7fff75e0c440]>{contents = "com.apple.LSSharedFileList.ApplicationRecentDocuments"}
Feb 10 08:41:56 Epicodus-8G Atom[548] <Info>: __43-[SFLListManager applyChange:toList:reply:]_block_invoke Apply change Change: SFLChangeTypeInsert item named: independent-project-2-10-17.html [9A12D742-08D4-4B2A-B713-49163ECC86F7] - URL:file:///Users/Guest/desktop/independent-project-2-10-17/independent-project-2-10-17.html to list with identifier com.apple.LSSharedFileList.ApplicationRecentDocuments
Feb 10 08:41:56 Epicodus-8G sharedfilelistd[350] <Info>: [default] <CFString 0x7faba0e0bee0 [0x7fff75e0c440]>{contents = "com.github.atom"}[548] apply change Change: SFLChangeTypeInsert item named: independent-project-2-10-17.html [9A12D742-08D4-4B2A-B713-49163ECC86F7] - URL:file:///Users/Guest/desktop/independent-project-2-10-17/independent-project-2-10-17.html to list <CFString 0x7fff75da3de0 [0x7fff75e0c440]>{contents = "com.apple.LSSharedFileList.ApplicationRecentDocuments"}
Feb 10 08:41:56 Epicodus-8G sharedfilelistd[350] <Info>: -[ConnectedProcess(SFLServiceProtocol) applyChange:toListWithIdentifier:reply:] com.github.atom[548] apply change Change: SFLChangeTypeInsert item named: independent-project-2-10-17.html [9A12D742-08D4-4B2A-B713-49163ECC86F7] - URL:file:///Users/Guest/desktop/independent-project-2-10-17/independent-project-2-10-17.html to list com.apple.LSSharedFileList.ApplicationRecentDocuments
Feb 10 08:41:56 Epicodus-8G sharedfilelistd[350] <Info>: [default] <CFString 0x7faba0e047a0 [0x7fff75e0c440]>{contents = "com.apple.dock"}[368] com.apple.LSSharedFileList.ApplicationRecentDocuments/com.github.atom item changes (
	    "Change: SFLChangeTypeRemove item named: independent-project-2-10-17.html [697E5477-67A6-4C2A-94E6-DDB352E10A1D] - URL:file:///Users/Guest/desktop/independent-project-2-10-17/independent-project-2-10-17.html",
	    "Change: SFLChangeTypeInsert item named: independent-project-2-10-17.html [9A12D742-08D4-4B2A-B713-49163ECC86F7] - URL:file:///Users/Guest/desktop/independent-project-2-10-17/independent-project-2-10-17.html"
	)
Feb 10 08:41:56 Epicodus-8G sharedfilelistd[350] <Info>: -[ConnectedProcess notifyChanges:toListWithIdentifier:] com.apple.dock[368] com.apple.LSSharedFileList.ApplicationRecentDocuments/com.github.atom item changes (
	    "Change: SFLChangeTypeRemove item named: independent-project-2-10-17.html [697E5477-67A6-4C2A-94E6-DDB352E10A1D] - URL:file:///Users/Guest/desktop/independent-project-2-10-17/independent-project-2-10-17.html",
	    "Change: SFLChangeTypeInsert item named: independent-project-2-10-17.html [9A12D742-08D4-4B2A-B713-49163ECC86F7] - URL:file:///Users/Guest/desktop/independent-project-2-10-17/independent-project-2-10-17.html"
	)
Feb 10 08:41:56 Epicodus-8G sharedfilelistd[350] <Info>: [default] <CFString 0x7faba0e0bee0 [0x7fff75e0c440]>{contents = "com.github.atom"}[548] appled changes (
	    "Change: SFLChangeTypeRemove item named: independent-project-2-10-17.html [697E5477-67A6-4C2A-94E6-DDB352E10A1D] - URL:file:///Users/Guest/desktop/independent-project-2-10-17/independent-project-2-10-17.html",
	    "Change: SFLChangeTypeInsert item named: independent-project-2-10-17.html [9A12D742-08D4-4B2A-B713-49163ECC86F7] - URL:file:///Users/Guest/desktop/independent-project-2-10-17/independent-project-2-10-17.html"
	)
Feb 10 08:41:56 Epicodus-8G sharedfilelistd[350] <Info>: __79-[ConnectedProcess(SFLServiceProtocol) applyChange:toListWithIdentifier:reply:]_block_invoke com.github.atom[548] appled changes (
	    "Change: SFLChangeTypeRemove item named: independent-project-2-10-17.html [697E5477-67A6-4C2A-94E6-DDB352E10A1D] - URL:file:///Users/Guest/desktop/independent-project-2-10-17/independent-project-2-10-17.html",
	    "Change: SFLChangeTypeInsert item named: independent-project-2-10-17.html [9A12D742-08D4-4B2A-B713-49163ECC86F7] - URL:file:///Users/Guest/desktop/independent-project-2-10-17/independent-project-2-10-17.html"
	)
Feb 10 08:41:56 Epicodus-8G Dock[368] <Info>: [default] Notified of item changes to list with identifier <CFString 0x7f92714d0d00 [0x7fff75e0c440]>{contents = "com.apple.LSSharedFileList.ApplicationRecentDocuments/com.github.atom"}
Feb 10 08:41:56 Epicodus-8G Dock[368] <Info>: -[SFLListManager(ServiceReplyProtocol) notifyChanges:toListWithIdentifier:] Notified of item changes to list with identifier com.apple.LSSharedFileList.ApplicationRecentDocuments/com.github.atom
Feb 10 08:41:56 Epicodus-8G Atom[548] <Info>: [default] Applied changes to list with identifier <CFString 0x7fff7885bbc0 [0x7fff75e0c440]>{contents = "com.apple.LSSharedFileList.ApplicationRecentDocuments"}
Feb 10 08:41:56 Epicodus-8G Atom[548] <Info>: __43-[SFLListManager applyChange:toList:reply:]_block_invoke169 Applied changes to list with identifier com.apple.LSSharedFileList.ApplicationRecentDocuments
Feb 10 08:41:56 Epicodus-8G Atom[548] <Info>: [default] Using modern implementation for list: <CFString 0x7fff7885b960 [0x7fff75e0c440]>{contents = "com.apple.LSSharedFileList.RecentDocuments"}
Feb 10 08:41:56 Epicodus-8G Atom[548] <Info>: LSSharedFileListCreate Using modern implementation for list: com.apple.LSSharedFileList.RecentDocuments
Feb 10 08:41:56 Epicodus-8G Atom[548] <Info>: [default] List identifier: <CFString 0x7fff7885b960 [0x7fff75e0c440]>{contents = "com.apple.LSSharedFileList.RecentDocuments"}
Feb 10 08:41:56 Epicodus-8G Atom[548] <Info>: -[SFLListManager listWithIdentifier:] List identifier: com.apple.LSSharedFileList.RecentDocuments
Feb 10 08:41:56 Epicodus-8G Atom[548] <Info>: [default] Apply change Change: SFLChangeTypeInsert item named: independent-project-2-10-17.html [5F2347F7-9115-42EA-A6B6-5CB665AB557A] - URL:file:///Users/Guest/desktop/independent-project-2-10-17/independent-project-2-10-17.html to list with identifier <CFString 0x7fff7885b960 [0x7fff75e0c440]>{contents = "com.apple.LSSharedFileList.RecentDocuments"}
Feb 10 08:41:56 Epicodus-8G Atom[548] <Info>: __43-[SFLListManager applyChange:toList:reply:]_block_invoke Apply change Change: SFLChangeTypeInsert item named: independent-project-2-10-17.html [5F2347F7-9115-42EA-A6B6-5CB665AB557A] - URL:file:///Users/Guest/desktop/independent-project-2-10-17/independent-project-2-10-17.html to list with identifier com.apple.LSSharedFileList.RecentDocuments
Feb 10 08:41:56 Epicodus-8G sharedfilelistd[350] <Info>: [default] <CFString 0x7faba0e0bee0 [0x7fff75e0c440]>{contents = "com.github.atom"}[548] apply change Change: SFLChangeTypeInsert item named: independent-project-2-10-17.html [5F2347F7-9115-42EA-A6B6-5CB665AB557A] - URL:file:///Users/Guest/desktop/independent-project-2-10-17/independent-project-2-10-17.html to list <CFString 0x7faba0c13b20 [0x7fff75e0c440]>{contents = "com.apple.LSSharedFileList.RecentDocuments"}
Feb 10 08:41:56 Epicodus-8G sharedfilelistd[350] <Info>: -[ConnectedProcess(SFLServiceProtocol) applyChange:toListWithIdentifier:reply:] com.github.atom[548] apply change Change: SFLChangeTypeInsert item named: independent-project-2-10-17.html [5F2347F7-9115-42EA-A6B6-5CB665AB557A] - URL:file:///Users/Guest/desktop/independent-project-2-10-17/independent-project-2-10-17.html to list com.apple.LSSharedFileList.RecentDocuments
Feb 10 08:41:56 Epicodus-8G sharedfilelistd[350] <Info>: [default] <CFString 0x7faba0e047a0 [0x7fff75e0c440]>{contents = "com.apple.dock"}[368] <CFString 0x7faba0d187e0 [0x7fff75e0c440]>{contents = "com.apple.LSSharedFileList.RecentDocuments"} item changes (
	    "Change: SFLChangeTypeRemove item named: independent-project-2-10-17.html [72541B8F-04B9-4E4B-9C5F-606D9D8A5EA4] - URL:file:///Users/Guest/desktop/independent-project-2-10-17/independent-project-2-10-17.html",
	    "Change: SFLChangeTypeInsert item named: independent-project-2-10-17.html [5F2347F7-9115-42EA-A6B6-5CB665AB557A] - URL:file:///Users/Guest/desktop/independent-project-2-10-17/independent-project-2-10-17.html"
	)
Feb 10 08:41:56 Epicodus-8G sharedfilelistd[350] <Info>: -[ConnectedProcess notifyChanges:toListWithIdentifier:] com.apple.dock[368] com.apple.LSSharedFileList.RecentDocuments item changes (
	    "Change: SFLChangeTypeRemove item named: independent-project-2-10-17.html [72541B8F-04B9-4E4B-9C5F-606D9D8A5EA4] - URL:file:///Users/Guest/desktop/independent-project-2-10-17/independent-project-2-10-17.html",
	    "Change: SFLChangeTypeInsert item named: independent-project-2-10-17.html [5F2347F7-9115-42EA-A6B6-5CB665AB557A] - URL:file:///Users/Guest/desktop/independent-project-2-10-17/independent-project-2-10-17.html"
	)
Feb 10 08:41:56 Epicodus-8G sharedfilelistd[350] <Info>: [default] <CFString 0x7faba0e0bee0 [0x7fff75e0c440]>{contents = "com.github.atom"}[548] appled changes (
	    "Change: SFLChangeTypeRemove item named: independent-project-2-10-17.html [72541B8F-04B9-4E4B-9C5F-606D9D8A5EA4] - URL:file:///Users/Guest/desktop/independent-project-2-10-17/independent-project-2-10-17.html",
	    "Change: SFLChangeTypeInsert item named: independent-project-2-10-17.html [5F2347F7-9115-42EA-A6B6-5CB665AB557A] - URL:file:///Users/Guest/desktop/independent-project-2-10-17/independent-project-2-10-17.html"
	)
Feb 10 08:41:56 Epicodus-8G sharedfilelistd[350] <Info>: __79-[ConnectedProcess(SFLServiceProtocol) applyChange:toListWithIdentifier:reply:]_block_invoke com.github.atom[548] appled changes (
	    "Change: SFLChangeTypeRemove item named: independent-project-2-10-17.html [72541B8F-04B9-4E4B-9C5F-606D9D8A5EA4] - URL:file:///Users/Guest/desktop/independent-project-2-10-17/independent-project-2-10-17.html",
	    "Change: SFLChangeTypeInsert item named: independent-project-2-10-17.html [5F2347F7-9115-42EA-A6B6-5CB665AB557A] - URL:file:///Users/Guest/desktop/independent-project-2-10-17/independent-project-2-10-17.html"
	)
Feb 10 08:41:56 Epicodus-8G Dock[368] <Info>: [default] Notified of item changes to list with identifier <CFString 0x7f92715099d0 [0x7fff75e0c440]>{contents = "com.apple.LSSharedFileList.RecentDocuments"}
Feb 10 08:41:56 Epicodus-8G Dock[368] <Info>: -[SFLListManager(ServiceReplyProtocol) notifyChanges:toListWithIdentifier:] Notified of item changes to list with identifier com.apple.LSSharedFileList.RecentDocuments
Feb 10 08:41:56 Epicodus-8G Atom[548] <Info>: [default] Applied changes to list with identifier <CFString 0x7fff7885b960 [0x7fff75e0c440]>{contents = "com.apple.LSSharedFileList.RecentDocuments"}
Feb 10 08:41:56 Epicodus-8G Atom[548] <Info>: __43-[SFLListManager applyChange:toList:reply:]_block_invoke169 Applied changes to list with identifier com.apple.LSSharedFileList.RecentDocuments
Feb 10 08:41:56 Epicodus-8G Atom[548] <Info>: [default] Apply change Change: SFLChangeTypeUpdateListProperties item named: {
	    "com.apple.LSSharedFileList.MaxAmount" = 10;
	} to list with identifier <CFString 0x7fff7885bbc0 [0x7fff75e0c440]>{contents = "com.apple.LSSharedFileList.ApplicationRecentDocuments"}
Feb 10 08:41:56 Epicodus-8G Atom[548] <Info>: __43-[SFLListManager applyChange:toList:reply:]_block_invoke Apply change Change: SFLChangeTypeUpdateListProperties item named: {
	    "com.apple.LSSharedFileList.MaxAmount" = 10;
	} to list with identifier com.apple.LSSharedFileList.ApplicationRecentDocuments
Feb 10 08:41:56 Epicodus-8G sharedfilelistd[350] <Info>: [default] <CFString 0x7faba0e0bee0 [0x7fff75e0c440]>{contents = "com.github.atom"}[548] apply change Change: SFLChangeTypeUpdateListProperties item named: {
	    "com.apple.LSSharedFileList.MaxAmount" = 10;
	} to list <CFString 0x7fff75da3de0 [0x7fff75e0c440]>{contents = "com.apple.LSSharedFileList.ApplicationRecentDocuments"}
Feb 10 08:41:56 Epicodus-8G sharedfilelistd[350] <Info>: -[ConnectedProcess(SFLServiceProtocol) applyChange:toListWithIdentifier:reply:] com.github.atom[548] apply change Change: SFLChangeTypeUpdateListProperties item named: {
	    "com.apple.LSSharedFileList.MaxAmount" = 10;
	} to list com.apple.LSSharedFileList.ApplicationRecentDocuments
Feb 10 08:41:56 Epicodus-8G sharedfilelistd[350] <Info>: [default] <CFString 0x7faba0e047a0 [0x7fff75e0c440]>{contents = "com.apple.dock"}[368] com.apple.LSSharedFileList.ApplicationRecentDocuments/com.github.atom item changes (
	    "Change: SFLChangeTypeUpdateListProperties item named: {\n    \"com.apple.LSSharedFileList.MaxAmount\" = 10;\n}"
	)
Feb 10 08:41:56 Epicodus-8G sharedfilelistd[350] <Info>: -[ConnectedProcess notifyChanges:toListWithIdentifier:] com.apple.dock[368] com.apple.LSSharedFileList.ApplicationRecentDocuments/com.github.atom item changes (
	    "Change: SFLChangeTypeUpdateListProperties item named: {\n    \"com.apple.LSSharedFileList.MaxAmount\" = 10;\n}"
	)
Feb 10 08:41:56 Epicodus-8G sharedfilelistd[350] <Info>: [default] <CFString 0x7faba0e0bee0 [0x7fff75e0c440]>{contents = "com.github.atom"}[548] appled changes (
	    "Change: SFLChangeTypeUpdateListProperties item named: {\n    \"com.apple.LSSharedFileList.MaxAmount\" = 10;\n}"
	)
Feb 10 08:41:56 Epicodus-8G sharedfilelistd[350] <Info>: __79-[ConnectedProcess(SFLServiceProtocol) applyChange:toListWithIdentifier:reply:]_block_invoke com.github.atom[548] appled changes (
	    "Change: SFLChangeTypeUpdateListProperties item named: {\n    \"com.apple.LSSharedFileList.MaxAmount\" = 10;\n}"
	)
Feb 10 08:41:56 Epicodus-8G Dock[368] <Info>: [default] Notified of item changes to list with identifier <CFString 0x7f9273a0d8d0 [0x7fff75e0c440]>{contents = "com.apple.LSSharedFileList.ApplicationRecentDocuments/com.github.atom"}
Feb 10 08:41:56 Epicodus-8G Dock[368] <Info>: -[SFLListManager(ServiceReplyProtocol) notifyChanges:toListWithIdentifier:] Notified of item changes to list with identifier com.apple.LSSharedFileList.ApplicationRecentDocuments/com.github.atom
Feb 10 08:41:56 Epicodus-8G Atom[548] <Info>: [default] Applied changes to list with identifier <CFString 0x7fff7885bbc0 [0x7fff75e0c440]>{contents = "com.apple.LSSharedFileList.ApplicationRecentDocuments"}
Feb 10 08:41:56 Epicodus-8G Atom[548] <Info>: __43-[SFLListManager applyChange:toList:reply:]_block_invoke169 Applied changes to list with identifier com.apple.LSSharedFileList.ApplicationRecentDocuments
Feb 10 08:41:56 Epicodus-8G Atom[548] <Info>: [default] Apply change Change: SFLChangeTypeInsert item named: independent-project-2-10-17.html [B590EDED-42F9-4046-A99F-90021616EADD] - URL:file:///Users/Guest/desktop/independent-project-2-10-17/independent-project-2-10-17.html to list with identifier <CFString 0x7fff7885bbc0 [0x7fff75e0c440]>{contents = "com.apple.LSSharedFileList.ApplicationRecentDocuments"}
Feb 10 08:41:56 Epicodus-8G Atom[548] <Info>: __43-[SFLListManager applyChange:toList:reply:]_block_invoke Apply change Change: SFLChangeTypeInsert item named: independent-project-2-10-17.html [B590EDED-42F9-4046-A99F-90021616EADD] - URL:file:///Users/Guest/desktop/independent-project-2-10-17/independent-project-2-10-17.html to list with identifier com.apple.LSSharedFileList.ApplicationRecentDocuments
Feb 10 08:41:56 Epicodus-8G sharedfilelistd[350] <Info>: [default] <CFString 0x7faba0e0bee0 [0x7fff75e0c440]>{contents = "com.github.atom"}[548] apply change Change: SFLChangeTypeInsert item named: independent-project-2-10-17.html [B590EDED-42F9-4046-A99F-90021616EADD] - URL:file:///Users/Guest/desktop/independent-project-2-10-17/independent-project-2-10-17.html to list <CFString 0x7fff75da3de0 [0x7fff75e0c440]>{contents = "com.apple.LSSharedFileList.ApplicationRecentDocuments"}
Feb 10 08:41:56 Epicodus-8G sharedfilelistd[350] <Info>: -[ConnectedProcess(SFLServiceProtocol) applyChange:toListWithIdentifier:reply:] com.github.atom[548] apply change Change: SFLChangeTypeInsert item named: independent-project-2-10-17.html [B590EDED-42F9-4046-A99F-90021616EADD] - URL:file:///Users/Guest/desktop/independent-project-2-10-17/independent-project-2-10-17.html to list com.apple.LSSharedFileList.ApplicationRecentDocuments
Feb 10 08:41:56 Epicodus-8G sharedfilelistd[350] <Info>: [default] <CFString 0x7faba0e047a0 [0x7fff75e0c440]>{contents = "com.apple.dock"}[368] com.apple.LSSharedFileList.ApplicationRecentDocuments/com.github.atom item changes (
	    "Change: SFLChangeTypeRemove item named: independent-project-2-10-17.html [9A12D742-08D4-4B2A-B713-49163ECC86F7] - URL:file:///Users/Guest/desktop/independent-project-2-10-17/independent-project-2-10-17.html",
	    "Change: SFLChangeTypeInsert item named: independent-project-2-10-17.html [B590EDED-42F9-4046-A99F-90021616EADD] - URL:file:///Users/Guest/desktop/independent-project-2-10-17/independent-project-2-10-17.html"
	)
Feb 10 08:41:56 Epicodus-8G sharedfilelistd[350] <Info>: -[ConnectedProcess notifyChanges:toListWithIdentifier:] com.apple.dock[368] com.apple.LSSharedFileList.ApplicationRecentDocuments/com.github.atom item changes (
	    "Change: SFLChangeTypeRemove item named: independent-project-2-10-17.html [9A12D742-08D4-4B2A-B713-49163ECC86F7] - URL:file:///Users/Guest/desktop/independent-project-2-10-17/independent-project-2-10-17.html",
	    "Change: SFLChangeTypeInsert item named: independent-project-2-10-17.html [B590EDED-42F9-4046-A99F-90021616EADD] - URL:file:///Users/Guest/desktop/independent-project-2-10-17/independent-project-2-10-17.html"
	)
Feb 10 08:41:56 Epicodus-8G sharedfilelistd[350] <Info>: [default] <CFString 0x7faba0e0bee0 [0x7fff75e0c440]>{contents = "com.github.atom"}[548] appled changes (
	    "Change: SFLChangeTypeRemove item named: independent-project-2-10-17.html [9A12D742-08D4-4B2A-B713-49163ECC86F7] - URL:file:///Users/Guest/desktop/independent-project-2-10-17/independent-project-2-10-17.html",
	    "Change: SFLChangeTypeInsert item named: independent-project-2-10-17.html [B590EDED-42F9-4046-A99F-90021616EADD] - URL:file:///Users/Guest/desktop/independent-project-2-10-17/independent-project-2-10-17.html"
	)
Feb 10 08:41:56 Epicodus-8G sharedfilelistd[350] <Info>: __79-[ConnectedProcess(SFLServiceProtocol) applyChange:toListWithIdentifier:reply:]_block_invoke com.github.atom[548] appled changes (
	    "Change: SFLChangeTypeRemove item named: independent-project-2-10-17.html [9A12D742-08D4-4B2A-B713-49163ECC86F7] - URL:file:///Users/Guest/desktop/independent-project-2-10-17/independent-project-2-10-17.html",
	    "Change: SFLChangeTypeInsert item named: independent-project-2-10-17.html [B590EDED-42F9-4046-A99F-90021616EADD] - URL:file:///Users/Guest/desktop/independent-project-2-10-17/independent-project-2-10-17.html"
	)
Feb 10 08:41:56 Epicodus-8G Dock[368] <Info>: [default] Notified of item changes to list with identifier <CFString 0x7f927158a2c0 [0x7fff75e0c440]>{contents = "com.apple.LSSharedFileList.ApplicationRecentDocuments/com.github.atom"}
Feb 10 08:41:56 Epicodus-8G Dock[368] <Info>: -[SFLListManager(ServiceReplyProtocol) notifyChanges:toListWithIdentifier:] Notified of item changes to list with identifier com.apple.LSSharedFileList.ApplicationRecentDocuments/com.github.atom
Feb 10 08:41:56 Epicodus-8G Atom[548] <Info>: [default] Applied changes to list with identifier <CFString 0x7fff7885bbc0 [0x7fff75e0c440]>{contents = "com.apple.LSSharedFileList.ApplicationRecentDocuments"}
Feb 10 08:41:56 Epicodus-8G Atom[548] <Info>: __43-[SFLListManager applyChange:toList:reply:]_block_invoke169 Applied changes to list with identifier com.apple.LSSharedFileList.ApplicationRecentDocuments
Feb 10 08:41:56 Epicodus-8G Atom[548] <Info>: [default] Using modern implementation for list: <CFString 0x7fff7885b960 [0x7fff75e0c440]>{contents = "com.apple.LSSharedFileList.RecentDocuments"}
Feb 10 08:41:56 Epicodus-8G Atom[548] <Info>: LSSharedFileListCreate Using modern implementation for list: com.apple.LSSharedFileList.RecentDocuments
Feb 10 08:41:56 Epicodus-8G Atom[548] <Info>: [default] List identifier: <CFString 0x7fff7885b960 [0x7fff75e0c440]>{contents = "com.apple.LSSharedFileList.RecentDocuments"}
Feb 10 08:41:56 Epicodus-8G Atom[548] <Info>: -[SFLListManager listWithIdentifier:] List identifier: com.apple.LSSharedFileList.RecentDocuments
Feb 10 08:41:56 Epicodus-8G Atom[548] <Info>: [default] Apply change Change: SFLChangeTypeInsert item named: independent-project-2-10-17.html [AEAE0710-8612-4C56-82E4-FCA505960B43] - URL:file:///Users/Guest/desktop/independent-project-2-10-17/independent-project-2-10-17.html to list with identifier <CFString 0x7fff7885b960 [0x7fff75e0c440]>{contents = "com.apple.LSSharedFileList.RecentDocuments"}
Feb 10 08:41:56 Epicodus-8G Atom[548] <Info>: __43-[SFLListManager applyChange:toList:reply:]_block_invoke Apply change Change: SFLChangeTypeInsert item named: independent-project-2-10-17.html [AEAE0710-8612-4C56-82E4-FCA505960B43] - URL:file:///Users/Guest/desktop/independent-project-2-10-17/independent-project-2-10-17.html to list with identifier com.apple.LSSharedFileList.RecentDocuments
Feb 10 08:41:56 Epicodus-8G sharedfilelistd[350] <Info>: [default] <CFString 0x7faba0e0bee0 [0x7fff75e0c440]>{contents = "com.github.atom"}[548] apply change Change: SFLChangeTypeInsert item named: independent-project-2-10-17.html [AEAE0710-8612-4C56-82E4-FCA505960B43] - URL:file:///Users/Guest/desktop/independent-project-2-10-17/independent-project-2-10-17.html to list <CFString 0x7faba0f2dd20 [0x7fff75e0c440]>{contents = "com.apple.LSSharedFileList.RecentDocuments"}
Feb 10 08:41:56 Epicodus-8G sharedfilelistd[350] <Info>: -[ConnectedProcess(SFLServiceProtocol) applyChange:toListWithIdentifier:reply:] com.github.atom[548] apply change Change: SFLChangeTypeInsert item named: independent-project-2-10-17.html [AEAE0710-8612-4C56-82E4-FCA505960B43] - URL:file:///Users/Guest/desktop/independent-project-2-10-17/independent-project-2-10-17.html to list com.apple.LSSharedFileList.RecentDocuments
Feb 10 08:41:56 Epicodus-8G sharedfilelistd[350] <Info>: [default] <CFString 0x7faba0e047a0 [0x7fff75e0c440]>{contents = "com.apple.dock"}[368] <CFString 0x7faba0d187e0 [0x7fff75e0c440]>{contents = "com.apple.LSSharedFileList.RecentDocuments"} item changes (
	    "Change: SFLChangeTypeRemove item named: independent-project-2-10-17.html [5F2347F7-9115-42EA-A6B6-5CB665AB557A] - URL:file:///Users/Guest/desktop/independent-project-2-10-17/independent-project-2-10-17.html",
	    "Change: SFLChangeTypeInsert item named: independent-project-2-10-17.html [AEAE0710-8612-4C56-82E4-FCA505960B43] - URL:file:///Users/Guest/desktop/independent-project-2-10-17/independent-project-2-10-17.html"
	)
Feb 10 08:41:56 Epicodus-8G sharedfilelistd[350] <Info>: -[ConnectedProcess notifyChanges:toListWithIdentifier:] com.apple.dock[368] com.apple.LSSharedFileList.RecentDocuments item changes (
	    "Change: SFLChangeTypeRemove item named: independent-project-2-10-17.html [5F2347F7-9115-42EA-A6B6-5CB665AB557A] - URL:file:///Users/Guest/desktop/independent-project-2-10-17/independent-project-2-10-17.html",
	    "Change: SFLChangeTypeInsert item named: independent-project-2-10-17.html [AEAE0710-8612-4C56-82E4-FCA505960B43] - URL:file:///Users/Guest/desktop/independent-project-2-10-17/independent-project-2-10-17.html"
	)
Feb 10 08:41:56 Epicodus-8G sharedfilelistd[350] <Info>: [default] <CFString 0x7faba0e0bee0 [0x7fff75e0c440]>{contents = "com.github.atom"}[548] appled changes (
	    "Change: SFLChangeTypeRemove item named: independent-project-2-10-17.html [5F2347F7-9115-42EA-A6B6-5CB665AB557A] - URL:file:///Users/Guest/desktop/independent-project-2-10-17/independent-project-2-10-17.html",
	    "Change: SFLChangeTypeInsert item named: independent-project-2-10-17.html [AEAE0710-8612-4C56-82E4-FCA505960B43] - URL:file:///Users/Guest/desktop/independent-project-2-10-17/independent-project-2-10-17.html"
	)
Feb 10 08:41:56 Epicodus-8G sharedfilelistd[350] <Info>: __79-[ConnectedProcess(SFLServiceProtocol) applyChange:toListWithIdentifier:reply:]_block_invoke com.github.atom[548] appled changes (
	    "Change: SFLChangeTypeRemove item named: independent-project-2-10-17.html [5F2347F7-9115-42EA-A6B6-5CB665AB557A] - URL:file:///Users/Guest/desktop/independent-project-2-10-17/independent-project-2-10-17.html",
	    "Change: SFLChangeTypeInsert item named: independent-project-2-10-17.html [AEAE0710-8612-4C56-82E4-FCA505960B43] - URL:file:///Users/Guest/desktop/independent-project-2-10-17/independent-project-2-10-17.html"
	)
Feb 10 08:41:56 Epicodus-8G Dock[368] <Info>: [default] Notified of item changes to list with identifier <CFString 0x7f9271797200 [0x7fff75e0c440]>{contents = "com.apple.LSSharedFileList.RecentDocuments"}
Feb 10 08:41:56 Epicodus-8G Dock[368] <Info>: -[SFLListManager(ServiceReplyProtocol) notifyChanges:toListWithIdentifier:] Notified of item changes to list with identifier com.apple.LSSharedFileList.RecentDocuments
Feb 10 08:41:56 Epicodus-8G Atom[548] <Info>: [default] Applied changes to list with identifier <CFString 0x7fff7885b960 [0x7fff75e0c440]>{contents = "com.apple.LSSharedFileList.RecentDocuments"}
Feb 10 08:41:56 Epicodus-8G Atom[548] <Info>: __43-[SFLListManager applyChange:toList:reply:]_block_invoke169 Applied changes to list with identifier com.apple.LSSharedFileList.RecentDocuments
Feb 10 08:50:49 Epicodus-8G com.apple.CDScheduler[319] <Debug>: Processing submitted queue activity 2131435671010 set to execute at 2/10/17, 8:50:49 AM
Feb 10 08:50:49 Epicodus-8G com.apple.CDScheduler[319] <Debug>: pluginForecast:  00 00 00 00 00 00 00 00 00 00 00 00 00
Feb 10 08:50:49 Epicodus-8G com.apple.CDScheduler[319] <Debug>: inactivity Forecast:  00 80 00 00 00 00 00 00 20 00 04 be 00
Feb 10 08:50:49 Epicodus-8G com.apple.CDScheduler[319] <Debug>: Duration is too short windowStart:2017-02-10 16:50:49 +0000 windowEnd:2017-02-10 17:00:49 +0000
Feb 10 08:50:49 Epicodus-8G com.apple.CDScheduler[319] <Debug>: Activity 2131435671010 added to favorableStateQueue
Feb 10 08:50:49 Epicodus-8G com.apple.CDScheduler[319] <Debug>: Set to execute activity 2131435671010 as some conditions are favorable
Feb 10 08:50:49 Epicodus-8G com.apple.CDScheduler[319] <Debug>: Executing activity 2131435671010. elapsed:0.000000 totalActStartTime:0.000000 actCount:0
Feb 10 08:50:49 Epicodus-8G com.apple.CDScheduler[319] <Debug>: lastDispatchTime = null
Feb 10 08:50:49 Epicodus-8G com.apple.CDScheduler[319] <Debug>: setDispatchTimer - Timer dispatch scheduled at  2/10/17, 9:35:49 AM
Feb 10 08:50:49 Epicodus-8G com.apple.CDScheduler[319] <Debug>: lastDispatchTime:2/10/17, 9:35:49 AM
Feb 10 08:50:49 Epicodus-8G com.apple.CDScheduler[319] <Debug>: Moving the Act 2131435671010 to completed
Feb 10 08:52:36 Epicodus-8G open[648] <Debug>: LSExceptions [0x7fd8a0c19560] loaded
Feb 10 08:52:36 Epicodus-8G Dock[368] <Info>: [default] Using modern implementation for list: <CFString 0x7fff7885bbc0 [0x7fff75e0c440]>{contents = "com.apple.LSSharedFileList.ApplicationRecentDocuments"}
Feb 10 08:52:36 Epicodus-8G Dock[368] <Info>: LSSharedFileListCreate Using modern implementation for list: com.apple.LSSharedFileList.ApplicationRecentDocuments
Feb 10 08:52:36 Epicodus-8G Dock[368] <Info>: [default] List identifier: com.apple.LSSharedFileList.ApplicationRecentDocuments/com.github.atom
Feb 10 08:52:36 Epicodus-8G Dock[368] <Info>: -[SFLListManager listWithIdentifier:] List identifier: com.apple.LSSharedFileList.ApplicationRecentDocuments/com.github.atom
Feb 10 08:52:36 Epicodus-8G open[648] <Info>: [default] Using modern implementation for list: <CFString 0x7fff7885b940 [0x7fff75e0c440]>{contents = "com.apple.LSSharedFileList.RecentApplications"}
Feb 10 08:52:36 Epicodus-8G open[648] <Info>: LSSharedFileListCreate Using modern implementation for list: com.apple.LSSharedFileList.RecentApplications
Feb 10 08:52:36 Epicodus-8G open[648] <Info>: [default] List identifier: <CFString 0x7fff7885b940 [0x7fff75e0c440]>{contents = "com.apple.LSSharedFileList.RecentApplications"}
Feb 10 08:52:36 Epicodus-8G open[648] <Info>: -[SFLListManager listWithIdentifier:] List identifier: com.apple.LSSharedFileList.RecentApplications
Feb 10 08:52:36 Epicodus-8G open[648] <Info>: [default] Allocated list: <CFString 0x7fff7885b940 [0x7fff75e0c440]>{contents = "com.apple.LSSharedFileList.RecentApplications"} : <SFLList: 0x7fd8a0e65f50>
Feb 10 08:52:36 Epicodus-8G open[648] <Info>: __37-[SFLListManager listWithIdentifier:]_block_invoke Allocated list: com.apple.LSSharedFileList.RecentApplications : <SFLList: 0x7fd8a0e65f50>
Feb 10 08:52:36 Epicodus-8G sharedfilelistd[350] <Info>: [default] (null)[648] subscribed to list <CFString 0x7fff75d54e00 [0x7fff75e0c440]>{contents = "com.apple.LSSharedFileList.RecentApplications"}
Feb 10 08:52:36 Epicodus-8G sharedfilelistd[350] <Info>: -[ConnectedProcess(SFLServiceProtocol) subscribeToListWithIdentifier:reply:] (null)[648] subscribed to list com.apple.LSSharedFileList.RecentApplications
Feb 10 08:52:36 Epicodus-8G open[648] <Info>: [default] Received state for list identifier: <CFString 0x7fff7885b940 [0x7fff75e0c440]>{contents = "com.apple.LSSharedFileList.RecentApplications"}
Feb 10 08:52:36 Epicodus-8G open[648] <Info>: __37-[SFLListManager listWithIdentifier:]_block_invoke109 Received state for list identifier: com.apple.LSSharedFileList.RecentApplications
Feb 10 08:52:36 Epicodus-8G open[648] <Info>: [default] Apply change Change: SFLChangeTypeInsert item named: Atom [7C1BE94D-167B-4012-B1C0-07247B1AF25F] - URL:file:///Applications/Atom.app/ to list with identifier <CFString 0x7fff7885b940 [0x7fff75e0c440]>{contents = "com.apple.LSSharedFileList.RecentApplications"}
Feb 10 08:52:36 Epicodus-8G open[648] <Info>: __43-[SFLListManager applyChange:toList:reply:]_block_invoke Apply change Change: SFLChangeTypeInsert item named: Atom [7C1BE94D-167B-4012-B1C0-07247B1AF25F] - URL:file:///Applications/Atom.app/ to list with identifier com.apple.LSSharedFileList.RecentApplications
Feb 10 08:52:36 Epicodus-8G sharedfilelistd[350] <Info>: [default] (null)[648] apply change Change: SFLChangeTypeInsert item named: Atom [7C1BE94D-167B-4012-B1C0-07247B1AF25F] - URL:file:///Applications/Atom.app/ to list <CFString 0x7fff75d54e00 [0x7fff75e0c440]>{contents = "com.apple.LSSharedFileList.RecentApplications"}
Feb 10 08:52:36 Epicodus-8G sharedfilelistd[350] <Info>: -[ConnectedProcess(SFLServiceProtocol) applyChange:toListWithIdentifier:reply:] (null)[648] apply change Change: SFLChangeTypeInsert item named: Atom [7C1BE94D-167B-4012-B1C0-07247B1AF25F] - URL:file:///Applications/Atom.app/ to list com.apple.LSSharedFileList.RecentApplications
Feb 10 08:52:36 Epicodus-8G sharedfilelistd[350] <Info>: [default] <CFString 0x7faba0e047a0 [0x7fff75e0c440]>{contents = "com.apple.dock"}[368] <CFString 0x7fff75d54e00 [0x7fff75e0c440]>{contents = "com.apple.LSSharedFileList.RecentApplications"} item changes (
	    "Change: SFLChangeTypeRemove item named: Atom [987F36EA-39DF-4EDF-9B37-B27944E099F0] - URL:file:///Applications/Atom.app/",
	    "Change: SFLChangeTypeInsert item named: Atom [7C1BE94D-167B-4012-B1C0-07247B1AF25F] - URL:file:///Applications/Atom.app/"
	)
Feb 10 08:52:36 Epicodus-8G sharedfilelistd[350] <Info>: -[ConnectedProcess notifyChanges:toListWithIdentifier:] com.apple.dock[368] com.apple.LSSharedFileList.RecentApplications item changes (
	    "Change: SFLChangeTypeRemove item named: Atom [987F36EA-39DF-4EDF-9B37-B27944E099F0] - URL:file:///Applications/Atom.app/",
	    "Change: SFLChangeTypeInsert item named: Atom [7C1BE94D-167B-4012-B1C0-07247B1AF25F] - URL:file:///Applications/Atom.app/"
	)
Feb 10 08:52:36 Epicodus-8G sharedfilelistd[350] <Info>: [default] (null)[648] appled changes (
	    "Change: SFLChangeTypeRemove item named: Atom [987F36EA-39DF-4EDF-9B37-B27944E099F0] - URL:file:///Applications/Atom.app/",
	    "Change: SFLChangeTypeInsert item named: Atom [7C1BE94D-167B-4012-B1C0-07247B1AF25F] - URL:file:///Applications/Atom.app/"
	)
Feb 10 08:52:36 Epicodus-8G sharedfilelistd[350] <Info>: __79-[ConnectedProcess(SFLServiceProtocol) applyChange:toListWithIdentifier:reply:]_block_invoke (null)[648] appled changes (
	    "Change: SFLChangeTypeRemove item named: Atom [987F36EA-39DF-4EDF-9B37-B27944E099F0] - URL:file:///Applications/Atom.app/",
	    "Change: SFLChangeTypeInsert item named: Atom [7C1BE94D-167B-4012-B1C0-07247B1AF25F] - URL:file:///Applications/Atom.app/"
	)
Feb 10 08:52:36 Epicodus-8G Dock[368] <Info>: [default] Notified of item changes to list with identifier <CFString 0x7fff75d54e00 [0x7fff75e0c440]>{contents = "com.apple.LSSharedFileList.RecentApplications"}
Feb 10 08:52:36 Epicodus-8G Dock[368] <Info>: -[SFLListManager(ServiceReplyProtocol) notifyChanges:toListWithIdentifier:] Notified of item changes to list with identifier com.apple.LSSharedFileList.RecentApplications
Feb 10 08:52:36 Epicodus-8G open[648] <Info>: [default] Applied changes to list with identifier <CFString 0x7fff7885b940 [0x7fff75e0c440]>{contents = "com.apple.LSSharedFileList.RecentApplications"}
Feb 10 08:52:36 Epicodus-8G open[648] <Info>: __43-[SFLListManager applyChange:toList:reply:]_block_invoke169 Applied changes to list with identifier com.apple.LSSharedFileList.RecentApplications
Feb 10 08:52:36 Epicodus-8G Atom[649] <Debug>: LSExceptions [0x7fa7f2d03690] loaded
Feb 10 08:52:36 Epicodus-8G Atom[649] <Warning>: App load time: 210ms
Feb 10 08:52:36 Epicodus-8G Atom Helper[654] <Debug>: LSExceptions [0x7fe5eac1bb30] loaded
Feb 10 08:52:47 Epicodus-8G Atom Helper[654] <Debug>: LSExceptions [0x7fe5eac1bb30] unloaded
Feb 10 08:55:52 Epicodus-8G iconservicesagent[388] <Warning>: -[ISGenerateImageOp generateImageWithCompletion:] Failed to composit image for descriptor <ISBindingImageDescriptor: 0x7f8968708460>.
Feb 10 08:55:52 Epicodus-8G quicklookd[609] <Error>: Error returned from iconservicesagent: (null)
Feb 10 08:59:48 Epicodus-8G open[694] <Debug>: LSExceptions [0x7fbb0943eaf0] loaded
Feb 10 08:59:48 Epicodus-8G Dock[368] <Info>: [default] Using modern implementation for list: <CFString 0x7fff7885bbc0 [0x7fff75e0c440]>{contents = "com.apple.LSSharedFileList.ApplicationRecentDocuments"}
Feb 10 08:59:48 Epicodus-8G Dock[368] <Info>: LSSharedFileListCreate Using modern implementation for list: com.apple.LSSharedFileList.ApplicationRecentDocuments
Feb 10 08:59:48 Epicodus-8G Dock[368] <Info>: [default] List identifier: com.apple.LSSharedFileList.ApplicationRecentDocuments/com.github.atom
Feb 10 08:59:48 Epicodus-8G Dock[368] <Info>: -[SFLListManager listWithIdentifier:] List identifier: com.apple.LSSharedFileList.ApplicationRecentDocuments/com.github.atom
Feb 10 08:59:48 Epicodus-8G open[694] <Info>: [default] Using modern implementation for list: <CFString 0x7fff7885b940 [0x7fff75e0c440]>{contents = "com.apple.LSSharedFileList.RecentApplications"}
Feb 10 08:59:48 Epicodus-8G open[694] <Info>: LSSharedFileListCreate Using modern implementation for list: com.apple.LSSharedFileList.RecentApplications
Feb 10 08:59:48 Epicodus-8G open[694] <Info>: [default] List identifier: <CFString 0x7fff7885b940 [0x7fff75e0c440]>{contents = "com.apple.LSSharedFileList.RecentApplications"}
Feb 10 08:59:48 Epicodus-8G open[694] <Info>: -[SFLListManager listWithIdentifier:] List identifier: com.apple.LSSharedFileList.RecentApplications
Feb 10 08:59:48 Epicodus-8G open[694] <Info>: [default] Allocated list: <CFString 0x7fff7885b940 [0x7fff75e0c440]>{contents = "com.apple.LSSharedFileList.RecentApplications"} : <SFLList: 0x7fbb09601440>
Feb 10 08:59:48 Epicodus-8G open[694] <Info>: __37-[SFLListManager listWithIdentifier:]_block_invoke Allocated list: com.apple.LSSharedFileList.RecentApplications : <SFLList: 0x7fbb09601440>
Feb 10 08:59:48 Epicodus-8G sharedfilelistd[350] <Info>: [default] (null)[694] subscribed to list <CFString 0x7fff75d54e00 [0x7fff75e0c440]>{contents = "com.apple.LSSharedFileList.RecentApplications"}
Feb 10 08:59:48 Epicodus-8G sharedfilelistd[350] <Info>: -[ConnectedProcess(SFLServiceProtocol) subscribeToListWithIdentifier:reply:] (null)[694] subscribed to list com.apple.LSSharedFileList.RecentApplications
Feb 10 08:59:48 Epicodus-8G open[694] <Info>: [default] Received state for list identifier: <CFString 0x7fff7885b940 [0x7fff75e0c440]>{contents = "com.apple.LSSharedFileList.RecentApplications"}
Feb 10 08:59:48 Epicodus-8G open[694] <Info>: __37-[SFLListManager listWithIdentifier:]_block_invoke109 Received state for list identifier: com.apple.LSSharedFileList.RecentApplications
Feb 10 08:59:48 Epicodus-8G open[694] <Info>: [default] Apply change Change: SFLChangeTypeInsert item named: Atom [D4272CF2-5414-4CDF-BBEC-D272BC223B6E] - URL:file:///Applications/Atom.app/ to list with identifier <CFString 0x7fff7885b940 [0x7fff75e0c440]>{contents = "com.apple.LSSharedFileList.RecentApplications"}
Feb 10 08:59:48 Epicodus-8G open[694] <Info>: __43-[SFLListManager applyChange:toList:reply:]_block_invoke Apply change Change: SFLChangeTypeInsert item named: Atom [D4272CF2-5414-4CDF-BBEC-D272BC223B6E] - URL:file:///Applications/Atom.app/ to list with identifier com.apple.LSSharedFileList.RecentApplications
Feb 10 08:59:48 Epicodus-8G sharedfilelistd[350] <Info>: [default] (null)[694] apply change Change: SFLChangeTypeInsert item named: Atom [D4272CF2-5414-4CDF-BBEC-D272BC223B6E] - URL:file:///Applications/Atom.app/ to list <CFString 0x7fff75d54e00 [0x7fff75e0c440]>{contents = "com.apple.LSSharedFileList.RecentApplications"}
Feb 10 08:59:48 Epicodus-8G sharedfilelistd[350] <Info>: -[ConnectedProcess(SFLServiceProtocol) applyChange:toListWithIdentifier:reply:] (null)[694] apply change Change: SFLChangeTypeInsert item named: Atom [D4272CF2-5414-4CDF-BBEC-D272BC223B6E] - URL:file:///Applications/Atom.app/ to list com.apple.LSSharedFileList.RecentApplications
Feb 10 08:59:48 Epicodus-8G sharedfilelistd[350] <Info>: [default] <CFString 0x7faba0e047a0 [0x7fff75e0c440]>{contents = "com.apple.dock"}[368] <CFString 0x7fff75d54e00 [0x7fff75e0c440]>{contents = "com.apple.LSSharedFileList.RecentApplications"} item changes (
	    "Change: SFLChangeTypeRemove item named: Atom [7C1BE94D-167B-4012-B1C0-07247B1AF25F] - URL:file:///Applications/Atom.app/",
	    "Change: SFLChangeTypeInsert item named: Atom [D4272CF2-5414-4CDF-BBEC-D272BC223B6E] - URL:file:///Applications/Atom.app/"
	)
Feb 10 08:59:48 Epicodus-8G sharedfilelistd[350] <Info>: -[ConnectedProcess notifyChanges:toListWithIdentifier:] com.apple.dock[368] com.apple.LSSharedFileList.RecentApplications item changes (
	    "Change: SFLChangeTypeRemove item named: Atom [7C1BE94D-167B-4012-B1C0-07247B1AF25F] - URL:file:///Applications/Atom.app/",
	    "Change: SFLChangeTypeInsert item named: Atom [D4272CF2-5414-4CDF-BBEC-D272BC223B6E] - URL:file:///Applications/Atom.app/"
	)
Feb 10 08:59:48 Epicodus-8G sharedfilelistd[350] <Info>: [default] (null)[694] appled changes (
	    "Change: SFLChangeTypeRemove item named: Atom [7C1BE94D-167B-4012-B1C0-07247B1AF25F] - URL:file:///Applications/Atom.app/",
	    "Change: SFLChangeTypeInsert item named: Atom [D4272CF2-5414-4CDF-BBEC-D272BC223B6E] - URL:file:///Applications/Atom.app/"
	)
Feb 10 08:59:48 Epicodus-8G sharedfilelistd[350] <Info>: __79-[ConnectedProcess(SFLServiceProtocol) applyChange:toListWithIdentifier:reply:]_block_invoke (null)[694] appled changes (
	    "Change: SFLChangeTypeRemove item named: Atom [7C1BE94D-167B-4012-B1C0-07247B1AF25F] - URL:file:///Applications/Atom.app/",
	    "Change: SFLChangeTypeInsert item named: Atom [D4272CF2-5414-4CDF-BBEC-D272BC223B6E] - URL:file:///Applications/Atom.app/"
	)
Feb 10 08:59:48 Epicodus-8G Dock[368] <Info>: [default] Notified of item changes to list with identifier <CFString 0x7fff75d54e00 [0x7fff75e0c440]>{contents = "com.apple.LSSharedFileList.RecentApplications"}
Feb 10 08:59:48 Epicodus-8G Dock[368] <Info>: -[SFLListManager(ServiceReplyProtocol) notifyChanges:toListWithIdentifier:] Notified of item changes to list with identifier com.apple.LSSharedFileList.RecentApplications
Feb 10 08:59:48 Epicodus-8G open[694] <Info>: [default] Applied changes to list with identifier <CFString 0x7fff7885b940 [0x7fff75e0c440]>{contents = "com.apple.LSSharedFileList.RecentApplications"}
Feb 10 08:59:48 Epicodus-8G open[694] <Info>: __43-[SFLListManager applyChange:toList:reply:]_block_invoke169 Applied changes to list with identifier com.apple.LSSharedFileList.RecentApplications
Feb 10 08:59:48 Epicodus-8G Atom[695] <Debug>: LSExceptions [0x7fa1b3d162b0] loaded
Feb 10 08:59:48 Epicodus-8G Atom[695] <Warning>: App load time: 199ms
Feb 10 08:59:49 Epicodus-8G Atom Helper[699] <Debug>: LSExceptions [0x7f9968c20020] loaded
Feb 10 08:59:59 Epicodus-8G Atom Helper[699] <Debug>: LSExceptions [0x7f9968c20020] unloaded
Feb 10 09:00:50 Epicodus-8G com.apple.CDScheduler[319] <Debug>: Submitted Activity 3331478632148 name:'com.apple.suggestd.persist-stats' startAfter:2/10/17, 9:00:49 AM execBefore:2/10/17, 9:10:49 AM allowOnBatt:1 userInactive:0 restartDevice:0 cpu/memIntensive:0/0
Feb 10 09:00:50 Epicodus-8G com.apple.CDScheduler[319] <Debug>: setDispatchTimer - Timer dispatch scheduled at  2/10/17, 9:00:49 AM
Feb 10 09:00:50 Epicodus-8G com.apple.CDScheduler[319] <Debug>: lastDispatchTime:2/10/17, 9:00:49 AM
Feb 10 09:00:50 Epicodus-8G com.apple.CDScheduler[319] <Debug>: Processing submitted queue activity 3331478632148 set to execute at 2/10/17, 9:00:49 AM
Feb 10 09:00:50 Epicodus-8G com.apple.CDScheduler[319] <Debug>: pluginForecast:  00 00 00 00 00 00 00 00 00 00 00 00 00
Feb 10 09:00:50 Epicodus-8G com.apple.CDScheduler[319] <Debug>: inactivity Forecast:  00 80 00 00 00 00 00 00 20 00 04 be 00
Feb 10 09:00:50 Epicodus-8G com.apple.CDScheduler[319] <Debug>: Duration is too short windowStart:2017-02-10 17:00:50 +0000 windowEnd:2017-02-10 17:10:49 +0000
Feb 10 09:00:50 Epicodus-8G com.apple.CDScheduler[319] <Debug>: Activity 3331478632148 added to favorableStateQueue
Feb 10 09:00:50 Epicodus-8G com.apple.CDScheduler[319] <Debug>: Set to execute activity 3331478632148 as some conditions are favorable
Feb 10 09:00:50 Epicodus-8G com.apple.CDScheduler[319] <Debug>: Executing activity 3331478632148. elapsed:0.000000 totalActStartTime:0.000000 actCount:0
Feb 10 09:00:50 Epicodus-8G com.apple.CDScheduler[319] <Debug>: lastDispatchTime = null
Feb 10 09:00:50 Epicodus-8G com.apple.CDScheduler[319] <Debug>: setDispatchTimer - Timer dispatch scheduled at  2/10/17, 9:35:49 AM
Feb 10 09:00:50 Epicodus-8G com.apple.CDScheduler[319] <Debug>: lastDispatchTime:2/10/17, 9:35:49 AM
Feb 10 09:00:50 Epicodus-8G com.apple.CDScheduler[319] <Debug>: Moving the Act 3331478632148 to completed
Feb 10 09:01:02 Epicodus-8G Google Chrome Helper[719] <Debug>: LSExceptions [0x7f932040ac00] loaded
Feb 10 09:01:02 Epicodus-8G Google Chrome Helper[720] <Debug>: LSExceptions [0x7f8d02f04b50] loaded
Feb 10 09:01:03 Epicodus-8G Google Chrome Helper[721] <Debug>: LSExceptions [0x7ff5e1603780] loaded
Feb 10 09:01:07 Epicodus-8G Google Chrome Helper[724] <Debug>: LSExceptions [0x7fecfac06aa0] loaded
Feb 10 09:01:12 Epicodus-8G Google Chrome Helper[719] <Debug>: LSExceptions [0x7f932040ac00] unloaded
Feb 10 09:01:13 Epicodus-8G Google Chrome Helper[720] <Debug>: LSExceptions [0x7f8d02f04b50] unloaded
Feb 10 09:01:15 Epicodus-8G Google Chrome Helper[724] <Warning>: Couldn't set selectedTextBackgroundColor from default ()
Feb 10 09:01:18 Epicodus-8G Google Chrome Helper[724] <Debug>: LSExceptions [0x7fecfac06aa0] unloaded
Feb 10 09:04:59 Epicodus-8G Atom[548] <Info>: [default] Apply change Change: SFLChangeTypeUpdateListProperties item named: {
	    "com.apple.LSSharedFileList.MaxAmount" = 10;
	} to list with identifier <CFString 0x7fff7885bbc0 [0x7fff75e0c440]>{contents = "com.apple.LSSharedFileList.ApplicationRecentDocuments"}
Feb 10 09:04:59 Epicodus-8G Atom[548] <Info>: __43-[SFLListManager applyChange:toList:reply:]_block_invoke Apply change Change: SFLChangeTypeUpdateListProperties item named: {
	    "com.apple.LSSharedFileList.MaxAmount" = 10;
	} to list with identifier com.apple.LSSharedFileList.ApplicationRecentDocuments
Feb 10 09:04:59 Epicodus-8G sharedfilelistd[350] <Info>: [default] <CFString 0x7faba0e0bee0 [0x7fff75e0c440]>{contents = "com.github.atom"}[548] apply change Change: SFLChangeTypeUpdateListProperties item named: {
	    "com.apple.LSSharedFileList.MaxAmount" = 10;
	} to list <CFString 0x7fff75da3de0 [0x7fff75e0c440]>{contents = "com.apple.LSSharedFileList.ApplicationRecentDocuments"}
Feb 10 09:04:59 Epicodus-8G sharedfilelistd[350] <Info>: -[ConnectedProcess(SFLServiceProtocol) applyChange:toListWithIdentifier:reply:] com.github.atom[548] apply change Change: SFLChangeTypeUpdateListProperties item named: {
	    "com.apple.LSSharedFileList.MaxAmount" = 10;
	} to list com.apple.LSSharedFileList.ApplicationRecentDocuments
Feb 10 09:04:59 Epicodus-8G sharedfilelistd[350] <Info>: [default] <CFString 0x7faba0e047a0 [0x7fff75e0c440]>{contents = "com.apple.dock"}[368] com.apple.LSSharedFileList.ApplicationRecentDocuments/com.github.atom item changes (
	    "Change: SFLChangeTypeUpdateListProperties item named: {\n    \"com.apple.LSSharedFileList.MaxAmount\" = 10;\n}"
	)
Feb 10 09:04:59 Epicodus-8G sharedfilelistd[350] <Info>: -[ConnectedProcess notifyChanges:toListWithIdentifier:] com.apple.dock[368] com.apple.LSSharedFileList.ApplicationRecentDocuments/com.github.atom item changes (
	    "Change: SFLChangeTypeUpdateListProperties item named: {\n    \"com.apple.LSSharedFileList.MaxAmount\" = 10;\n}"
	)
Feb 10 09:04:59 Epicodus-8G sharedfilelistd[350] <Info>: [default] <CFString 0x7faba0e0bee0 [0x7fff75e0c440]>{contents = "com.github.atom"}[548] appled changes (
	    "Change: SFLChangeTypeUpdateListProperties item named: {\n    \"com.apple.LSSharedFileList.MaxAmount\" = 10;\n}"
	)
Feb 10 09:04:59 Epicodus-8G sharedfilelistd[350] <Info>: __79-[ConnectedProcess(SFLServiceProtocol) applyChange:toListWithIdentifier:reply:]_block_invoke com.github.atom[548] appled changes (
	    "Change: SFLChangeTypeUpdateListProperties item named: {\n    \"com.apple.LSSharedFileList.MaxAmount\" = 10;\n}"
	)
Feb 10 09:04:59 Epicodus-8G Dock[368] <Info>: [default] Notified of item changes to list with identifier <CFString 0x7f92714cc600 [0x7fff75e0c440]>{contents = "com.apple.LSSharedFileList.ApplicationRecentDocuments/com.github.atom"}
Feb 10 09:04:59 Epicodus-8G Dock[368] <Info>: -[SFLListManager(ServiceReplyProtocol) notifyChanges:toListWithIdentifier:] Notified of item changes to list with identifier com.apple.LSSharedFileList.ApplicationRecentDocuments/com.github.atom
Feb 10 09:04:59 Epicodus-8G Atom[548] <Info>: [default] Applied changes to list with identifier <CFString 0x7fff7885bbc0 [0x7fff75e0c440]>{contents = "com.apple.LSSharedFileList.ApplicationRecentDocuments"}
Feb 10 09:04:59 Epicodus-8G Atom[548] <Info>: __43-[SFLListManager applyChange:toList:reply:]_block_invoke169 Applied changes to list with identifier com.apple.LSSharedFileList.ApplicationRecentDocuments
Feb 10 09:04:59 Epicodus-8G Atom[548] <Info>: [default] Apply change Change: SFLChangeTypeInsert item named: project.html [9D362D77-0C05-4902-92AA-AA396530908B] - URL:file:///Users/Guest/desktop/project/project.html to list with identifier <CFString 0x7fff7885bbc0 [0x7fff75e0c440]>{contents = "com.apple.LSSharedFileList.ApplicationRecentDocuments"}
Feb 10 09:04:59 Epicodus-8G Atom[548] <Info>: __43-[SFLListManager applyChange:toList:reply:]_block_invoke Apply change Change: SFLChangeTypeInsert item named: project.html [9D362D77-0C05-4902-92AA-AA396530908B] - URL:file:///Users/Guest/desktop/project/project.html to list with identifier com.apple.LSSharedFileList.ApplicationRecentDocuments
Feb 10 09:04:59 Epicodus-8G sharedfilelistd[350] <Info>: [default] <CFString 0x7faba0e0bee0 [0x7fff75e0c440]>{contents = "com.github.atom"}[548] apply change Change: SFLChangeTypeInsert item named: project.html [9D362D77-0C05-4902-92AA-AA396530908B] - URL:file:///Users/Guest/desktop/project/project.html to list <CFString 0x7fff75da3de0 [0x7fff75e0c440]>{contents = "com.apple.LSSharedFileList.ApplicationRecentDocuments"}
